// Jest Snapshot v1, https://goo.gl/fbAQLP

exports[`Button component should render fine 1`] = `
<TouchableWithoutFeedback
  onPressIn={[Function]}
  onPressOut={[Function]}
>
  <AnimatedComponent
    style={
      Array [
        undefined,
        Object {
          "transform": Array [
            Object {
              "scale": 1,
            },
          ],
        },
      ]
    }
  >
    <Text>
      Title
    </Text>
  </AnimatedComponent>
</TouchableWithoutFeedback>
`;
