// Jest Snapshot v1, https://goo.gl/fbAQLP

exports[`Login screen should render fine 1`] = `
<LinearGradient
  colors={
    Array [
      "#c3d9e9",
      "#bcbad5",
      "#e3cad8",
      "#f0d1ba",
    ]
  }
  end={
    Object {
      "x": 0.5,
      "y": 1,
    }
  }
  start={
    Object {
      "x": 0.5,
      "y": 0,
    }
  }
  style={
    Object {
      "alignItems": "center",
      "flexGrow": 1,
      "justifyContent": "center",
    }
  }
>
  <KeyboardAwareScrollViewMock
    contentContainerStyle={
      Object {
        "alignItems": "center",
        "flexGrow": 1,
        "justifyContent": "center",
      }
    }
    enableAutomaticScroll={true}
    enableOnAndroid={true}
    enableResetScrollToCoords={true}
    extraHeight={20}
    extraScrollHeight={0}
    keyboardOpeningTime={250}
    style={
      Object {
        "flex": 1,
      }
    }
    viewIsInsideTabBar={false}
  >
    <Modal
      description="Login attempt failed! Please try again."
      onClose={[Function]}
      title="Error"
      visible={false}
    />
    <Modal
      description="Please check your Internet connection and try again."
      onClose={[Function]}
      title="No Internet connection!"
      visible={false}
    />
    <Text
      style={
        Object {
          "color": "#118cbf",
          "fontFamily": "Roboto-Regular",
          "fontSize": 40,
          "marginBottom": 60,
          "marginHorizontal": 60,
          "textAlign": "center",
        }
      }
    >
      Ecommerce Store
    </Text>
    <Input
      onChangeText={[Function]}
      placeholder="Login name"
      text=""
    />
    <Input
      onChangeText={[Function]}
      placeholder="Password"
      secure={true}
      text=""
    />
    <NavQuestion
      onPress={[Function]}
      style={
        Object {
          "alignSelf": "flex-end",
          "right": "7.5%",
        }
      }
      title="Forgot password?"
    />
    <Button
      fullWidth={true}
      onPress={[Function]}
      title="SIGN IN"
    />
    <NavQuestion
      onPress={[Function]}
      title="New here? Sign up"
    />
  </KeyboardAwareScrollViewMock>
</LinearGradient>
`;
